#-----------------------------------------------------------
# Vivado v2016.2 (64-bit)
# SW Build 1577090 on Thu Jun  2 16:32:40 MDT 2016
# IP Build 1577682 on Fri Jun  3 12:00:54 MDT 2016
# Start of session at: Fri Apr 14 08:54:13 2017
# Process ID: 9000
# Current directory: H:/Xilinxprojects/project_pwm
# Command line: vivado.exe -gui_launcher_event rodinguilauncherevent6464 H:\Xilinxprojects\project_pwm\project_pwm.xpr
# Log file: H:/Xilinxprojects/project_pwm/vivado.log
# Journal file: H:/Xilinxprojects/project_pwm\vivado.jou
#-----------------------------------------------------------
start_gui
open_project H:/Xilinxprojects/project_pwm/project_pwm.xpr
update_compile_order -fileset sources_1
reset_run synth_1
launch_runs synth_1
wait_on_run synth_1
launch_simulation
source tb_question_5.tcl
run 2 us
run 10 us
close_sim
launch_simulation
source tb_question_5.tcl
run 5 us
close_sim
launch_simulation
source tb_question_5.tcl
run 10 us
close_sim
launch_simulation
source tb_question_5.tcl
close_sim
launch_simulation
source tb_question_5.tcl
run 5 us
close_sim
launch_simulation
source tb_question_5.tcl
run 5 us
run 10 us
close_sim
launch_simulation
source tb_question_5.tcl
run 10 us
close_sim
